// Jest Snapshot v1, https://goo.gl/fbAQLP

exports[`renders correctly 1`] = `
<div
  className="play-form"
>
  <h2
    className="play-form__title"
  >
    Forgot your password?
  </h2>
  <h3
    className="play-form__subtitle"
  >
    Enter your email address to reset your password.
  </h3>
  <form
    autoComplete="off"
    onSubmit={[Function]}
  >
    <div
      className="play-form__group form-group"
    >
      <label
        className="play-form__label control-label"
        htmlFor="email"
      >
        Email
      </label>
      <input
        className="play-form__input form-control"
        id="email"
        onChange={[Function]}
        type="text"
        value=""
      />
    </div>
    <div>
      <span>
        <button
          className="btn btn-play-blue btn btn-play-blue-primary"
          disabled={true}
          onClick={[Function]}
          type="submit"
        >
          Reset your password
        </button>
        <span
          className="ml-1"
        >
          or
        </span>
        <button
          className="link-play-blue btn btn-link"
          disabled={false}
          onClick={[Function]}
          type="button"
        >
          Sign in
        </button>
      </span>
    </div>
  </form>
</div>
`;
